vertex 0: (0.00, 0.00, 1.00) --> (1.00, 0.00, 0.00) x (0.00, 1.00, 0.00)
lengths: 1.000, 1.000, 1.000
vertex 1: (1.00, 0.00, 0.50) --> (0.25, 1.00, -0.50) x (0.50, 0.62, 1.00)
lengths: 1.000, 1.146, 1.281
vertex 2: (0.32, 1.00, 0.53) --> (-0.06, -0.51, 1.00) x (-1.00, -0.28, -0.08)
lengths: 1.000, 1.123, 1.042
vertex 3: (-1.00, 0.73, 0.62) --> (0.97, 0.48, 1.00) x (-0.27, 1.00, -0.74)
lengths: 1.000, 1.472, 1.273
vertex 4: (-1.00, -0.73, 0.62) --> (-0.24, 1.00, 0.79) x (1.00, 0.54, -0.98)
lengths: 1.000, 1.297, 1.503
vertex 5: (0.32, -1.00, 0.53) --> (0.73, 0.76, 1.00) x (1.00, 0.04, 0.69)
lengths: 1.000, 1.451, 1.218
vertex 6: (-0.50, -0.36, 1.00) --> (1.00, 0.75, 0.77) x (0.74, 1.00, -0.01)
lengths: 1.000, 1.469, 1.246
vertex 7: (-1.00, 0.00, 0.62) --> (0.38, 1.00, 0.62) x (0.62, 0.85, -1.00)
lengths: 1.000, 1.236, 1.453
vertex 8: (-0.50, 0.36, 1.00) --> (1.00, -0.10, 0.53) x (-0.23, 1.00, -0.25)
lengths: 1.000, 1.138, 1.056
vertex 9: (0.19, -0.59, 1.00) --> (1.00, 0.56, 0.14) x (0.66, 1.00, 0.71)
lengths: 1.000, 1.155, 1.395
vertex 10: (-0.32, -1.00, 0.65) --> (0.08, 0.62, 1.00) x (1.00, 0.27, -0.09)
lengths: 1.000, 1.181, 1.039
vertex 11: (0.62, 0.00, 1.00) --> (1.00, 0.38, -0.62) x (0.28, 1.00, 0.17)
lengths: 1.000, 1.236, 1.051
vertex 12: (1.00, -0.73, 0.76) --> (0.84, 1.00, -0.15) x (0.41, 0.49, 1.00)
lengths: 1.000, 1.316, 1.186
vertex 13: (0.19, 0.59, 1.00) --> (1.00, -0.62, 0.17) x (-0.75, 1.00, -0.73)
lengths: 1.000, 1.190, 1.447
vertex 14: (1.00, 0.73, 0.76) --> (-0.32, 1.00, -0.53) x (0.93, 0.23, 1.00)
lengths: 1.000, 1.177, 1.386
vertex 15: (-0.32, 1.00, 0.65) --> (0.62, -0.45, 1.00) x (-1.00, 0.56, -0.36)
lengths: 1.000, 1.258, 1.204
vertex 16: (-0.73, 1.00, 0.00) --> (0.73, 0.53, 1.00) x (-0.90, 0.65, -1.00)
lengths: 1.000, 1.344, 1.497
vertex 17: (0.00, 1.00, 0.00) --> (0.00, 0.00, 1.00) x (-1.00, 0.00, 0.00)
lengths: 1.000, 1.000, 1.000
vertex 18: (-1.00, 0.32, 0.00) --> (0.32, 1.00, 0.11) x (-0.03, 0.10, -1.00)
lengths: 1.000, 1.057, 1.005
vertex 19: (-1.00, -0.32, 0.00) --> (-0.32, 1.00, 0.11) x (0.03, 0.10, -1.00)
lengths: 1.000, 1.057, 1.005
vertex 20: (-0.73, -1.00, 0.00) --> (-0.73, 0.53, 1.00) x (0.90, 0.65, -1.00)
lengths: 1.000, 1.344, 1.497
vertex 21: (1.00, 0.00, 0.00) --> (0.00, 1.00, 0.00) x (0.00, 0.00, 1.00)
lengths: 1.000, 1.000, 1.000
