[kahn@ashman.Stanford.EDU:/data4/SRET_MEG/SPM_CanonicalBrain/mri] [2004-08-31 14:21:35] running:
  /usr/pubsw/packages/mni/current/bin/mritotal -verbose -debug -clobber -protocol icbm orig/orig.mnc transforms/talairach.xfm

Loading configuration file /usr/pubsw/packages/mni/1.0.4/etc/mni_autoreg/mritotal.cfg
Loading protocol default (protocol file = /usr/pubsw/packages/mni/1.0.4/etc/mni_autoreg/mritotal.default.cfg)
Loading protocol icbm (protocol file = /usr/pubsw/packages/mni/1.0.4/etc/mni_autoreg/mritotal.icbm.cfg)
   source = orig/orig.mnc
    model = /usr/pubsw/packages/mni/1.0.4/data/mni_autoreg/average_305
transform = transforms/talairach.xfm
 protocol = icbm:
    linear fit only
    subsample heuristically
    crop according to 0,0 0,0 -25%,0
    blur with 16 and 8 mm FHWM kernels
    pad/unpad correctly (encroach on original volume)
    default objective function = cross-correlation

Subsampling/cropping data:
[mritotal] [kahn@ashman.Stanford.EDU:/data4/SRET_MEG/SPM_CanonicalBrain/mri] [2004-08-31 14:21:35] /usr/pubsw/packages/mni/current/bin/autocrop -clobber orig/orig.mnc /tmp/mritotal_7438/orig_crop.mnc -step 2 2 2 -extend 0,0 0,0 -25%,0
[autocrop] [kahn@ashman.Stanford.EDU:/data4/SRET_MEG/SPM_CanonicalBrain/mri] [2004-08-31 14:21:35] /usr/pubsw/packages/mni/current/bin/mincresample -clobber orig/orig.mnc /tmp/mritotal_7438/orig_crop.mnc -start -128 -128 -64 -step 2 2 2 -nelements 128 128 96
Transforming slices:................................................................................................................................Done
[mritotal] [kahn@ashman.Stanford.EDU:/data4/SRET_MEG/SPM_CanonicalBrain/mri] [2004-08-31 14:21:38] /usr/pubsw/packages/mni/current/bin/volume_cog /tmp/mritotal_7438/orig_crop.mnc | tail -1
Centroid of input volume: 1.411333 10.827878 -11.140627

Zero-padding data:
[mritotal] [kahn@ashman.Stanford.EDU:/data4/SRET_MEG/SPM_CanonicalBrain/mri] [2004-08-31 14:21:40] /usr/pubsw/packages/mni/current/bin/autocrop -clobber /tmp/mritotal_7438/orig_crop.mnc /tmp/mritotal_7438/orig_pad.mnc -expand 22 22 22
[autocrop] [kahn@ashman.Stanford.EDU:/data4/SRET_MEG/SPM_CanonicalBrain/mri] [2004-08-31 14:21:40] /usr/pubsw/packages/mni/current/bin/mincreshape -clobber /tmp/mritotal_7438/orig_crop.mnc /tmp/mritotal_7438/orig_pad.mnc -start -11,-11,-11 -count 150,150,118
Copying chunks:......................................................................................................................................................Done.

Intensity blurring data:
[mritotal] [kahn@ashman.Stanford.EDU:/data4/SRET_MEG/SPM_CanonicalBrain/mri] [2004-08-31 14:21:40] /usr/pubsw/packages/mni/current/bin/mincblur -clobber -debug /tmp/mritotal_7438/orig_pad.mnc /tmp/mritotal_7438/tmp_16 -fwhm 16
===== Debugging information from /usr/pubsw/packages/mni/current/bin/mincblur =====
Data filename     = /tmp/mritotal_7438/orig_pad.mnc
Output basename   = /tmp/mritotal_7438/tmp_16
Input volume      = 150 cols by 150 rows by 118 slices
Input voxels are  =    2.000    2.000    2.000
min/max value     =    0.000  243.000
Apodizing data at 16.000000
Volume def min and max: = 0.000000 243.000000
before blur min/max = 0.000000 243.000000
Blurring volume: ..............................................................
after  blur min/max = -0.000008 146.136841
Making byte volume...
[mritotal] [kahn@ashman.Stanford.EDU:/data4/SRET_MEG/SPM_CanonicalBrain/mri] [2004-08-31 14:21:56] /usr/pubsw/packages/mni/current/bin/autocrop -clobber /tmp/mritotal_7438/tmp_16_blur.mnc /tmp/mritotal_7438/orig_16_blur.mnc -expand -44 -44 -44
[autocrop] [kahn@ashman.Stanford.EDU:/data4/SRET_MEG/SPM_CanonicalBrain/mri] [2004-08-31 14:21:56] /usr/pubsw/packages/mni/current/bin/mincreshape -clobber /tmp/mritotal_7438/tmp_16_blur.mnc /tmp/mritotal_7438/orig_16_blur.mnc -start 22,22,22 -count 106,106,74
Copying chunks:..........................................................................................................Done.

Gradient blurring data:
[mritotal] [kahn@ashman.Stanford.EDU:/data4/SRET_MEG/SPM_CanonicalBrain/mri] [2004-08-31 14:21:57] /usr/pubsw/packages/mni/current/bin/mincblur -clobber -debug /tmp/mritotal_7438/orig_pad.mnc /tmp/mritotal_7438/tmp_8 -fwhm 8 -gradient
===== Debugging information from /usr/pubsw/packages/mni/current/bin/mincblur =====
Data filename     = /tmp/mritotal_7438/orig_pad.mnc
Output basename   = /tmp/mritotal_7438/tmp_8
Input volume      = 150 cols by 150 rows by 118 slices
Input voxels are  =    2.000    2.000    2.000
min/max value     =    0.000  243.000
Apodizing data at 8.000000
Volume def min and max: = 0.000000 243.000000
before blur min/max = 0.000000 243.000000
Blurring volume: ..............................................................
after  blur min/max = -0.000011 201.115829
Making byte volume...
Gradient volume: ...................Making byte volume dx...dx: min = -19.118252, max = 18.984871
...................Making byte volume dy...dy: min = -23.787636, max = 10.757841
........................Transforming slices:......................................................................................................................................................Done
Making byte volume dz...dz: min = -13.246956, max = 13.651842

[mritotal] [kahn@ashman.Stanford.EDU:/data4/SRET_MEG/SPM_CanonicalBrain/mri] [2004-08-31 14:22:42] /usr/pubsw/packages/mni/current/bin/autocrop -clobber /tmp/mritotal_7438/tmp_8_blur.mnc /tmp/mritotal_7438/orig_8_blur.mnc -expand -34 -34 -34
[autocrop] [kahn@ashman.Stanford.EDU:/data4/SRET_MEG/SPM_CanonicalBrain/mri] [2004-08-31 14:22:42] /usr/pubsw/packages/mni/current/bin/mincreshape -clobber /tmp/mritotal_7438/tmp_8_blur.mnc /tmp/mritotal_7438/orig_8_blur.mnc -start 17,17,17 -count 116,116,84
Copying chunks:....................................................................................................................Done.
[mritotal] [kahn@ashman.Stanford.EDU:/data4/SRET_MEG/SPM_CanonicalBrain/mri] [2004-08-31 14:22:42] /usr/pubsw/packages/mni/current/bin/autocrop -clobber /tmp/mritotal_7438/tmp_8_dxyz.mnc /tmp/mritotal_7438/orig_8_dxyz.mnc -expand -34 -34 -34
[autocrop] [kahn@ashman.Stanford.EDU:/data4/SRET_MEG/SPM_CanonicalBrain/mri] [2004-08-31 14:22:42] /usr/pubsw/packages/mni/current/bin/mincreshape -clobber /tmp/mritotal_7438/tmp_8_dxyz.mnc /tmp/mritotal_7438/orig_8_dxyz.mnc -start 17,17,17 -count 116,116,84
Copying chunks:....................................................................................................................Done.

16mm intensity lsq7 fit, no masks: making /tmp/mritotal_7438/orig_16.xfm
[mritotal] [kahn@ashman.Stanford.EDU:/data4/SRET_MEG/SPM_CanonicalBrain/mri] [2004-08-31 14:22:43] /usr/pubsw/packages/mni/current/bin/minctracc -clobber -debug /tmp/mritotal_7438/orig_16_blur.mnc /usr/pubsw/packages/mni/1.0.4/data/mni_autoreg/average_305_16_blur.mnc /tmp/mritotal_7438/orig_16.xfm -est_translations -lsq7 -xcorr -center 1.411333 10.827878 -11.140627 -step 4 4 4 -tol 0.01 -simplex 20
Source volume size:  74  by 106  by 106 
Source voxel =    2.000    2.000    2.000
min/max value=   -0.000  146.137
min/max voxel=    0.000  244.000

Target volume size:  58  by 110  by 86 
Target voxel =    2.000    2.000    2.000
min/max value=   -0.000  123.710
min/max voxel=    0.000  255.000


AFTER init_params()
Transform matrix    =    1.0000    0.0000    0.0000   -1.0836 
                         0.0000    1.0000    0.0000  -28.4190 
                         0.0000    0.0000    1.0000   20.5954 

Transform center   =    1.411   10.828  -11.141
Transform trans    =   -1.084  -28.419   20.595
Transform rotation =    0.000    0.000    0.000
Transform scale    =    1.000    1.000    1.000
Transform shear    =    0.000    0.000    0.000

Target volume is smallest
Lattice step size  =    4.000    4.000    4.000
Lattice start      =  -85.095 -125.510  -47.250
Lattice count      =       43       55       29

===== Debugging information from /usr/pubsw/packages/mni/current/bin/minctracc =====
Data filename       = /tmp/mritotal_7438/orig_16_blur.mnc
Model filename      = /usr/pubsw/packages/mni/1.0.4/data/mni_autoreg/average_305_16_blur.mnc
Data mask filename  = 
Model mask filename = 
Input xform name    = 
Output filename     = /tmp/mritotal_7438/orig_16.xfm
Step size           = 4.000000 4.000000 4.000000
Objective function  = cross correlation (threshold = 0.000000 0.000000)
Transform linear    = TRUE
Transform inverted? = FALSE
Transform type      = 4
Transform matrix    =    1.0000    0.0000    0.0000    0.0000 
                         0.0000    1.0000    0.0000    0.0000 
                         0.0000    0.0000    1.0000    0.0000 
Transform center   =    1.411   10.828  -11.141
Transform trans    =    0.000    0.000    0.000
Transform rotation =    0.000    0.000    0.000
Transform scale    =    1.000    1.000    1.000

Center of rot/scale forced: 1.411333 10.827878 -11.140627
  using PAT to get initial parameters:
  will try to get: [trans]
COG of v1 forced: 1.411333 10.827878 -11.140627
In set_up_lattice, xyzv[axes] = 2, 1, 0, -1
In set_up_lattice, xyzv[axes] = 2, 1, 0, -1
in vol to cov
start =   -85.09  -125.51   -47.25 
count =       43       55       29 
step  =     4.00     4.00     4.00 
direct=     4.00     0.00     0.00 
direct=     0.00     4.00     0.00 
direct=     0.00     0.00     4.00 
In set_up_lattice, xyzv[axes] = 2, 1, 0, -1
In set_up_lattice, xyzv[axes] = 2, 1, 0, -1
COG of v2: 0.327772 -17.591116 9.454768
   [trans] = -1.083561 -28.418995 20.595394
Only center & trans required, now returning from init_transformation
In set_up_lattice, xyzv[axes] = 2, 1, 0, -1
In set_up_lattice, xyzv[axes] = 2, 1, 0, -1
  68585   46139 -> 0.01877921
  68585   46139 -> 0.01877921
  68585   44132 -> 0.05862917
  68585   44892 -> 0.03405873
  68585   46139 -> 0.04287056
  68585   48229 -> 0.03030429
  68585   46101 -> 0.03103065
  68585   46290 -> 0.02599675
  68585   57362 -> 0.08228955
  68585   17851 -> 0.12993477
  68585   53719 -> 0.05083197
  68585   47401 -> 0.06073392
  68585   46204 -> 0.02918690
  68585   34705 -> 0.04777981
  68585   41399 -> 0.02284422
  68585   45076 -> 0.03327838
  68585   44758 -> 0.05148410
  68585   45803 -> 0.02016428
  68585   45070 -> 0.04310191
  68585   45197 -> 0.02132291
  68585   45260 -> 0.02785466
  68585   45184 -> 0.02259754
  68585   41896 -> 0.02316725
  68585   44906 -> 0.03219181
  68585   44865 -> 0.02024768
  68585   42182 -> 0.01457063
  68585   38552 -> 0.02632341
  68585   44734 -> 0.02910820
  68585   43387 -> 0.01555908
  68585   47366 -> 0.01920843
  68585   47256 -> 0.02846552
  68585   45001 -> 0.01579998
  68585   44856 -> 0.01718268
  68585   45668 -> 0.01493152
  68585   44374 -> 0.01467587
  68585   41263 -> 0.02261884
  68585   45975 -> 0.01412416
  68585   43142 -> 0.01290683
  68585   40199 -> 0.02115463
  68585   43729 -> 0.01813179
  68585   44605 -> 0.01294952
  68585   43849 -> 0.01297338
  68585   44218 -> 0.01588604
  68585   43929 -> 0.01160215
  68585   42379 -> 0.01857434
  68585   44891 -> 0.01134099
  68585   44023 -> 0.01767039
  68585   44212 -> 0.01151314
  68585   45996 -> 0.01527836
  68585   43504 -> 0.01155451
  68585   41881 -> 0.01235740
  68585   43920 -> 0.01419184
  68585   43802 -> 0.01091317
  68585   42650 -> 0.01201027
  68585   43839 -> 0.01537909
  68585   43430 -> 0.01065838
  68585   45526 -> 0.01322106
  68585   42882 -> 0.01065580
  68585   44840 -> 0.01308139
  68585   43231 -> 0.01059280
  68585   43226 -> 0.01140926
  68585   44085 -> 0.01010027
  68585   44250 -> 0.01113262
  68585   42849 -> 0.01211435
  68585   44017 -> 0.01046833
  68585   43978 -> 0.01130477
  68585   42161 -> 0.01214119
  68585   44285 -> 0.01032998
  68585   43049 -> 0.01144875
  68585   43824 -> 0.01033404
  68585   43639 -> 0.01018928
  68585   43906 -> 0.01107757
  68585   43547 -> 0.01011336
  68585   44707 -> 0.01058934
  68585   44751 -> 0.01077779
  68585   43619 -> 0.01013251
  68585   42988 -> 0.01052380
  68585   43420 -> 0.01009942
  68585   43527 -> 0.01009436
  68585   43233 -> 0.01086386
  68585   43656 -> 0.00983183
  68585   43371 -> 0.01012276
  68585   43016 -> 0.01032722
  68585   43364 -> 0.01001824
  68585   43596 -> 0.01040074
  68585   43631 -> 0.00994864
  68585   43560 -> 0.00988044
  68585   43637 -> 0.01001631
  68585   42938 -> 0.01024493
  68585   43840 -> 0.00989414
  68585   43618 -> 0.00991820
  68585   43671 -> 0.01006035
  68585   43664 -> 0.00986630
  68585   43919 -> 0.00984865
  68585   43774 -> 0.00994789
  68585   43693 -> 0.00998346
  68585   43727 -> 0.00982981
  68585   43637 -> 0.01003214
  68585   43780 -> 0.00983053
  68585   43756 -> 0.01005059
  68585   43681 -> 0.00980163
  68585   43588 -> 0.00985294
done with simplex after 93 iterations
0 0.00983:-1.21791 -14.16125 15.50945 -9.77334 -2.10724  0.29587 46.85059 
1 0.00983:-1.04325 -14.20522 15.49919 -9.09620 -1.47223 -1.24578 46.76514 
2 0.00987:-1.42029 -14.33523 15.53539 -10.48729 -2.34300 -0.14962 46.66850 
3 0.00988:-1.66954 -13.80408 16.25855 -9.89534 -2.50441  0.73779 46.61007 
4 0.00983:-1.35922 -14.76334 15.67828 -9.05415 -1.83800  0.55082 46.80593 
5 0.00985:-1.70672 -14.19980 15.83819 -11.10282 -1.52142 -0.34500 46.99383 
6 0.00985:-0.85373 -13.43270 15.56111 -10.89536 -1.43116  0.13096 46.60940 
7 0.00980:-1.60027 -13.70479 15.31300 -10.66359 -1.69781  0.55308 46.73198 
after parameter optimization
-center         1.41133   10.82788  -11.14063
-translation   -1.60027  -13.70479   15.31300
-rotation     -10.66359   -1.69781    0.55308
-scale          0.93464    0.93464    0.93464
-shear          0.00000    0.00000    0.00000
  68585   43681 -> 0.00980163
Initial objective function val = 0.01877921
Final objective function value = 0.00980163

8mm intensity lsq7 fit, no masks: making /tmp/mritotal_7438/orig_8tmp1a.xfm
[mritotal] [kahn@ashman.Stanford.EDU:/data4/SRET_MEG/SPM_CanonicalBrain/mri] [2004-08-31 14:23:09] /usr/pubsw/packages/mni/current/bin/minctracc -clobber -debug /tmp/mritotal_7438/orig_8_blur.mnc /usr/pubsw/packages/mni/1.0.4/data/mni_autoreg/average_305_8_blur.mnc /tmp/mritotal_7438/orig_8tmp1a.xfm -transformation /tmp/mritotal_7438/orig_16.xfm -lsq7 -xcorr -center 1.411333 10.827878 -11.140627 -step 4 4 4 -tol 0.004 -simplex 5
Source volume size:  84  by 116  by 116 
Source voxel =    2.000    2.000    2.000
min/max value=   -0.000  201.116
min/max voxel=    0.000  244.000

Target volume size:  68  by 110  by 86 
Target voxel =    2.000    2.000    2.000
min/max value=   -0.000  144.070
min/max voxel=    0.000  255.000


AFTER init_params()
Transform matrix    =    0.9342   -0.0037   -0.0289   -1.7886 
                         0.0090    0.9185    0.1727  -10.9114 
                         0.0277   -0.1729    0.9181   16.2333 

Transform center   =    1.411   10.828  -11.141
Transform trans    =   -1.600  -13.705   15.313
Transform rotation =  -10.664   -1.698    0.553
Transform scale    =    0.935    0.935    0.935
Transform shear    =    0.000    0.000    0.000

Target volume is smallest
Lattice step size  =    4.000    4.000    4.000
Lattice start      =  -85.095 -125.510  -57.250
Lattice count      =       43       55       34

===== Debugging information from /usr/pubsw/packages/mni/current/bin/minctracc =====
Data filename       = /tmp/mritotal_7438/orig_8_blur.mnc
Model filename      = /usr/pubsw/packages/mni/1.0.4/data/mni_autoreg/average_305_8_blur.mnc
Data mask filename  = 
Model mask filename = 
Input xform name    = /tmp/mritotal_7438/orig_16.xfm
Output filename     = /tmp/mritotal_7438/orig_8tmp1a.xfm
Step size           = 4.000000 4.000000 4.000000
Objective function  = cross correlation (threshold = 0.000000 0.000000)
Transform linear    = TRUE
Transform inverted? = FALSE
Transform type      = 4
Transform matrix    =    0.9342   -0.0037   -0.0289   -1.7886 
                         0.0090    0.9185    0.1727  -10.9114 
                         0.0277   -0.1729    0.9181   16.2333 
Transform center   =    1.411   10.828  -11.141
Transform trans    =    0.000    0.000    0.000
Transform rotation =    0.000    0.000    0.000
Transform scale    =    1.000    1.000    1.000

Center of rot/scale forced: 1.411333 10.827878 -11.140627
  using input transformation to get initial parameters:
In set_up_lattice, xyzv[axes] = 2, 1, 0, -1
In set_up_lattice, xyzv[axes] = 2, 1, 0, -1
  80410   55447 -> 0.03057500
  80410   55447 -> 0.03057500
  80410   54139 -> 0.04115360
  80410   54521 -> 0.03362203
  80410   55583 -> 0.03151082
  80410   55589 -> 0.03091872
  80410   55132 -> 0.03371254
  80410   54539 -> 0.03322586
  80410   58821 -> 0.05050771
  80410   45491 -> 0.06289687
  80410   57321 -> 0.03358214
  80410   54982 -> 0.04241495
  80410   55277 -> 0.03287568
  80410   55325 -> 0.03588400
  80410   55605 -> 0.03039528
  80410   56755 -> 0.03060416
  80410   51462 -> 0.04371136
  80410   56613 -> 0.02939006
  80410   55763 -> 0.02968905
  80410   56426 -> 0.03017531
  80410   56700 -> 0.03016542
  80410   57184 -> 0.03020199
  80410   55475 -> 0.03234325
  80410   56587 -> 0.02876317
  80410   57458 -> 0.02877700
  80410   57843 -> 0.02823201
  80410   58904 -> 0.03129271
  80410   56729 -> 0.02860008
  80410   57314 -> 0.03069397
  80410   56698 -> 0.02824894
  80410   57115 -> 0.03132137
  80410   56804 -> 0.02804288
  80410   57501 -> 0.02893046
  80410   57106 -> 0.02800242
  80410   56982 -> 0.03155042
  80410   55790 -> 0.02967822
  80410   57321 -> 0.02761070
  80410   56532 -> 0.02852325
  80410   57472 -> 0.02865146
  80410   57234 -> 0.02757141
  80410   57607 -> 0.02920381
  80410   56908 -> 0.02751170
  80410   57704 -> 0.02901521
  80410   56842 -> 0.02747738
  80410   57574 -> 0.02742171
  80410   58016 -> 0.02912767
  80410   56387 -> 0.03031089
  80410   57520 -> 0.02720188
  80410   57488 -> 0.02730411
  80410   57216 -> 0.02797971
  80410   57307 -> 0.02725094
  80410   57084 -> 0.02805872
  80410   57343 -> 0.02724149
  80410   57399 -> 0.02707595
  80410   57470 -> 0.02754750
  80410   57856 -> 0.02728408
  80410   58214 -> 0.02754867
  80410   57209 -> 0.02714253
  80410   57274 -> 0.02760757
  80410   57519 -> 0.02707364
  80410   57189 -> 0.02797926
  80410   57470 -> 0.02698381
  80410   56921 -> 0.02742480
  80410   57632 -> 0.02706708
  80410   57520 -> 0.02721636
  80410   57597 -> 0.02716458
  80410   57412 -> 0.02720805
  80410   57457 -> 0.02704252
  80410   57339 -> 0.02714274
  80410   57281 -> 0.02722823
  80410   57514 -> 0.02701948
  80410   57487 -> 0.02719346
  80410   57402 -> 0.02706127
  80410   57817 -> 0.02707451
  80410   57722 -> 0.02716991
  80410   57469 -> 0.02701979
  80410   57226 -> 0.02710333
  80410   57659 -> 0.02700080
done with simplex after 69 iterations
0 0.02700:-1.74251 -18.83498 15.82283 -5.31439 -1.31706 -0.29105 48.62055 
1 0.02707:-1.67802 -18.35759 15.30807 -5.27078 -1.03198 -0.48179 48.52057 
2 0.02702:-1.68087 -18.32809 15.85241 -5.78225 -1.32724 -0.04270 48.42532 
3 0.02698:-2.13767 -18.59682 16.27213 -5.06370 -1.22405 -0.46927 48.48730 
4 0.02707:-1.87406 -18.58001 15.72866 -5.99540 -1.24725 -0.12001 48.57533 
5 0.02706:-1.87004 -18.62237 15.62081 -5.11026 -1.50410 -0.00948 48.42087 
6 0.02702:-1.72872 -18.81824 15.90980 -5.48485 -1.36002 -0.58926 48.48108 
7 0.02704:-1.76618 -17.83796 15.78740 -5.78400 -1.51555 -0.46534 48.42883 
after parameter optimization
-center         1.41133   10.82788  -11.14063
-translation   -2.13767  -18.59682   16.27213
-rotation      -5.06370   -1.22405   -0.46927
-scale          0.96975    0.96975    0.96975
-shear          0.00000    0.00000    0.00000
  80410   57470 -> 0.02698381
Initial objective function val = 0.03057500
Final objective function value = 0.02698381

8mm gradient lsq7 fit, target masked: making /tmp/mritotal_7438/orig_8tmp1b.xfm
[mritotal] [kahn@ashman.Stanford.EDU:/data4/SRET_MEG/SPM_CanonicalBrain/mri] [2004-08-31 14:23:35] /usr/pubsw/packages/mni/current/bin/minctracc -clobber -debug /tmp/mritotal_7438/orig_8_dxyz.mnc /usr/pubsw/packages/mni/1.0.4/data/mni_autoreg/average_305_8_dxyz.mnc /tmp/mritotal_7438/orig_8tmp1b.xfm -transformation /tmp/mritotal_7438/orig_8tmp1a.xfm -lsq7 -xcorr -model_mask /usr/pubsw/packages/mni/1.0.4/data/mni_autoreg/average_305_8_mask.mnc -center 1.411333 10.827878 -11.140627 -step 4 4 4 -tol 0.004 -simplex 2
Source volume size:  84  by 116  by 116 
Source voxel =    2.000    2.000    2.000
min/max value=    0.069   23.816
min/max voxel=    0.000  244.000

Target volume size:  68  by 110  by 86 
Target voxel =    2.000    2.000    2.000
min/max value=    0.037   11.652
min/max voxel=    0.000  255.000


AFTER init_params()
Transform matrix    =    0.9695    0.0097   -0.0199   -2.4221 
                        -0.0079    0.9659    0.0858  -17.2611 
                         0.0207   -0.0856    0.9657   16.7878 

Transform center   =    1.411   10.828  -11.141
Transform trans    =   -2.138  -18.597   16.272
Transform rotation =   -5.064   -1.224   -0.469
Transform scale    =    0.970    0.970    0.970
Transform shear    =    0.000    0.000   -0.000

Target volume is smallest
Lattice step size  =    4.000    4.000    4.000
Lattice start      =  -65.095 -105.510  -57.250
Lattice count      =       35       46       34

===== Debugging information from /usr/pubsw/packages/mni/current/bin/minctracc =====
Data filename       = /tmp/mritotal_7438/orig_8_dxyz.mnc
Model filename      = /usr/pubsw/packages/mni/1.0.4/data/mni_autoreg/average_305_8_dxyz.mnc
Data mask filename  = 
Model mask filename = /usr/pubsw/packages/mni/1.0.4/data/mni_autoreg/average_305_8_mask.mnc
Input xform name    = /tmp/mritotal_7438/orig_8tmp1a.xfm
Output filename     = /tmp/mritotal_7438/orig_8tmp1b.xfm
Step size           = 4.000000 4.000000 4.000000
Objective function  = cross correlation (threshold = 0.000000 0.000000)
Transform linear    = TRUE
Transform inverted? = FALSE
Transform type      = 4
Transform matrix    =    0.9695    0.0097   -0.0199   -2.4221 
                        -0.0079    0.9659    0.0858  -17.2611 
                         0.0207   -0.0856    0.9657   16.7878 
Transform center   =    1.411   10.828  -11.141
Transform trans    =    0.000    0.000    0.000
Transform rotation =    0.000    0.000    0.000
Transform scale    =    1.000    1.000    1.000

Center of rot/scale forced: 1.411333 10.827878 -11.140627
  using input transformation to get initial parameters:
In set_up_lattice, xyzv[axes] = 2, 1, 0, -1
In set_up_lattice, xyzv[axes] = 2, 1, 0, -1
  29440   25778 -> 0.09273534
  29440   25778 -> 0.09273534
  29440   25773 -> 0.09422703
  29440   25344 -> 0.09074732
  29440   25811 -> 0.09593634
  29440   25701 -> 0.08838568
  29440   25778 -> 0.09263500
  29440   25762 -> 0.09238464
  29440   26272 -> 0.08261681
  29440   25760 -> 0.08707217
  29440   25787 -> 0.09762964
  29440   25785 -> 0.08756337
  29440   25791 -> 0.07721437
  29440   25795 -> 0.07508484
  29440   25794 -> 0.07988798
  29440   25803 -> 0.07930328
  29440   26289 -> 0.07887787
  29440   26118 -> 0.08813033
  29440   25996 -> 0.07916003
  29440   26185 -> 0.09064419
  29440   25870 -> 0.07806758
  29440   26201 -> 0.08464243
  29440   26089 -> 0.07746924
  29440   25600 -> 0.08584998
  29440   26085 -> 0.07717234
  29440   26203 -> 0.07975048
  29440   26091 -> 0.07617140
  29440   26282 -> 0.07902168
  29440   26150 -> 0.07278761
  29440   26201 -> 0.07320568
  29440   25834 -> 0.07742889
  29440   25685 -> 0.07901606
  29440   26165 -> 0.07522468
  29440   26214 -> 0.08024924
  29440   25947 -> 0.07486207
  29440   25935 -> 0.07686791
  29440   26208 -> 0.07762816
  29440   25939 -> 0.07497663
  29440   25903 -> 0.07710361
  29440   25960 -> 0.07435305
  29440   26074 -> 0.07513471
  29440   25897 -> 0.07411300
  29440   25765 -> 0.07458966
  29440   25752 -> 0.07871794
  29440   25996 -> 0.07339751
  29440   26113 -> 0.07412925
  29440   26014 -> 0.07401980
  29440   26036 -> 0.07152971
  29440   26053 -> 0.07074616
  29440   26252 -> 0.07372478
  29440   26192 -> 0.07328159
  29440   26058 -> 0.07285956
  29440   26268 -> 0.07274283
  29440   26250 -> 0.07220054
  29440   26018 -> 0.07184033
  29440   26261 -> 0.07269400
  29440   26149 -> 0.07124889
  29440   26262 -> 0.07178699
  29440   26213 -> 0.07097390
  29440   26029 -> 0.07044214
  29440   25895 -> 0.07203081
  29440   26044 -> 0.07106108
  29440   25943 -> 0.07187540
  29440   26040 -> 0.07071869
  29440   26178 -> 0.06972810
  29440   26449 -> 0.07161585
  29440   25912 -> 0.07193935
  29440   26183 -> 0.07043695
  29440   26009 -> 0.07033937
  29440   26198 -> 0.07230906
  29440   26070 -> 0.07005864
  29440   25985 -> 0.07117126
  29440   26144 -> 0.06996431
  29440   26152 -> 0.07074349
  29440   26118 -> 0.07004210
  29440   26209 -> 0.07007841
  29440   26246 -> 0.06997200
  29440   26033 -> 0.06918163
  29440   25927 -> 0.06898089
  29440   26255 -> 0.07090563
  29440   26069 -> 0.06956787
  29440   26039 -> 0.07005351
  29440   26227 -> 0.06953397
  29440   26311 -> 0.06974199
  29440   26239 -> 0.06864233
  29440   26469 -> 0.06924072
  29440   26061 -> 0.06942707
  29440   26156 -> 0.06907635
  29440   25932 -> 0.06944504
  29440   25965 -> 0.06963351
  29440   25998 -> 0.06862558
  29440   26200 -> 0.07093674
  29440   26038 -> 0.06901520
  29440   25853 -> 0.06872920
  29440   26146 -> 0.06851021
  29440   26440 -> 0.07061981
  29440   25930 -> 0.06814378
  29440   26198 -> 0.07023451
  29440   25979 -> 0.06934156
  29440   26037 -> 0.06808105
  29440   26048 -> 0.06867538
  29440   26319 -> 0.06885719
  29440   26099 -> 0.06778223
  29440   26611 -> 0.06977941
  29440   25897 -> 0.06818094
  29440   26122 -> 0.06890070
  29440   26026 -> 0.06784110
  29440   25872 -> 0.06921282
  29440   26133 -> 0.06808663
  29440   26284 -> 0.06827199
  29440   25853 -> 0.06820852
  29440   25929 -> 0.06852401
  29440   26042 -> 0.06796958
  29440   26129 -> 0.06854361
  29440   25892 -> 0.06800121
  29440   26550 -> 0.06861348
  29440   25940 -> 0.06785799
  29440   26121 -> 0.06818532
  29440   25938 -> 0.06805778
  29440   25853 -> 0.06810360
  29440   26072 -> 0.06790970
  29440   25939 -> 0.06785946
  29440   26060 -> 0.06766344
  29440   26103 -> 0.06778649
  29440   26116 -> 0.06790444
  29440   26042 -> 0.06784756
  29440   25998 -> 0.06774068
  29440   25887 -> 0.06774742
done with simplex after 119 iterations
0 0.06778:-1.55880 -19.48157 16.89051 -0.08179  0.04043  0.41828 49.92025 
1 0.06774:-1.54687 -19.34439 16.85390  0.10715 -0.04517  0.49798 49.92731 
2 0.06785:-1.57014 -19.35101 16.93409 -0.04000  0.04817  0.67939 49.89027 
3 0.06786:-1.55841 -19.25012 16.81831 -0.15433  0.17277  0.50681 49.90900 
4 0.06786:-1.43737 -19.34501 16.73446 -0.15717 -0.02958  0.22090 49.97138 
5 0.06766:-1.53904 -19.41723 16.79843 -0.04342  0.10410  0.53008 49.90813 
6 0.06775:-1.48104 -19.29156 16.79564  0.01216  0.20162  0.42094 49.90068 
7 0.06784:-1.55400 -19.33630 16.87230  0.06312  0.15821  0.51348 49.95140 
after parameter optimization
-center         1.41133   10.82788  -11.14063
-translation   -1.53904  -19.41723   16.79843
-rotation      -0.04342    0.10410    0.53008
-scale          0.99816    0.99816    0.99816
-shear          0.00000    0.00000    0.00000
  29440   26060 -> 0.06766344
Initial objective function val = 0.09273534
Final objective function value = 0.06766344

8mm gradient lsq9 fit, target masked: making /tmp/mritotal_7438/orig_8tmp2a.xfm
[mritotal] [kahn@ashman.Stanford.EDU:/data4/SRET_MEG/SPM_CanonicalBrain/mri] [2004-08-31 14:24:02] /usr/pubsw/packages/mni/current/bin/minctracc -clobber -debug /tmp/mritotal_7438/orig_8_dxyz.mnc /usr/pubsw/packages/mni/1.0.4/data/mni_autoreg/average_305_8_dxyz.mnc /tmp/mritotal_7438/orig_8tmp2a.xfm -transformation /tmp/mritotal_7438/orig_8tmp1b.xfm -lsq9 -xcorr -model_mask /usr/pubsw/packages/mni/1.0.4/data/mni_autoreg/average_305_8_mask.mnc -center 1.411333 10.827878 -11.140627 -step 4 4 4 -tol 0.004 -simplex 2
Source volume size:  84  by 116  by 116 
Source voxel =    2.000    2.000    2.000
min/max value=    0.069   23.816
min/max voxel=    0.000  244.000

Target volume size:  68  by 110  by 86 
Target voxel =    2.000    2.000    2.000
min/max value=    0.037   11.652
min/max voxel=    0.000  255.000


AFTER init_params()
Transform matrix    =    0.9981   -0.0092    0.0018   -1.4163 
                         0.0092    0.9981    0.0008  -19.4013 
                        -0.0018   -0.0008    0.9982   16.7887 

Transform center   =    1.411   10.828  -11.141
Transform trans    =   -1.539  -19.417   16.798
Transform rotation =   -0.043    0.104    0.530
Transform scale    =    0.998    0.998    0.998
Transform shear    =   -0.000    0.000   -0.000

Target volume is smallest
Lattice step size  =    4.000    4.000    4.000
Lattice start      =  -65.095 -105.510  -57.250
Lattice count      =       35       46       34

===== Debugging information from /usr/pubsw/packages/mni/current/bin/minctracc =====
Data filename       = /tmp/mritotal_7438/orig_8_dxyz.mnc
Model filename      = /usr/pubsw/packages/mni/1.0.4/data/mni_autoreg/average_305_8_dxyz.mnc
Data mask filename  = 
Model mask filename = /usr/pubsw/packages/mni/1.0.4/data/mni_autoreg/average_305_8_mask.mnc
Input xform name    = /tmp/mritotal_7438/orig_8tmp1b.xfm
Output filename     = /tmp/mritotal_7438/orig_8tmp2a.xfm
Step size           = 4.000000 4.000000 4.000000
Objective function  = cross correlation (threshold = 0.000000 0.000000)
Transform linear    = TRUE
Transform inverted? = FALSE
Transform type      = 5
Transform matrix    =    0.9981   -0.0092    0.0018   -1.4163 
                         0.0092    0.9981    0.0008  -19.4013 
                        -0.0018   -0.0008    0.9982   16.7887 
Transform center   =    1.411   10.828  -11.141
Transform trans    =    0.000    0.000    0.000
Transform rotation =    0.000    0.000    0.000
Transform scale    =    1.000    1.000    1.000

Center of rot/scale forced: 1.411333 10.827878 -11.140627
  using input transformation to get initial parameters:
In set_up_lattice, xyzv[axes] = 2, 1, 0, -1
In set_up_lattice, xyzv[axes] = 2, 1, 0, -1
  29440   26060 -> 0.06766339
  29440   26060 -> 0.06766339
  29440   26074 -> 0.08381937
  29440   25853 -> 0.07211960
  29440   26060 -> 0.07512948
  29440   26165 -> 0.07183967
  29440   26060 -> 0.07171201
  29440   26206 -> 0.07226633
  29440   26054 -> 0.08577677
  29440   26611 -> 0.06843921
  29440   26059 -> 0.07425131
  29440   26187 -> 0.07743188
  29440   26183 -> 0.08404324
  29440   26123 -> 0.07274523
  29440   26062 -> 0.08559090
  29440   26168 -> 0.07016036
  29440   26207 -> 0.07580493
  29440   26117 -> 0.07188704
  29440   26200 -> 0.07222363
  29440   26191 -> 0.07181221
  29440   26230 -> 0.07333881
  29440   26189 -> 0.06932612
  29440   26042 -> 0.07505102
  29440   26185 -> 0.06936706
  29440   26611 -> 0.07172996
  29440   26526 -> 0.07039651
  29440   26530 -> 0.06834535
  29440   26611 -> 0.07233011
  29440   26355 -> 0.06926087
  29440   25853 -> 0.07095020
  29440   26479 -> 0.06908797
  29440   26634 -> 0.07051498
  29440   26611 -> 0.06828836
  29440   26368 -> 0.07046247
  29440   26524 -> 0.06838354
  29440   26611 -> 0.07105034
  29440   26365 -> 0.06812762
  29440   26611 -> 0.06837431
  29440   26611 -> 0.06643406
  29440   26617 -> 0.06843328
  29440   26611 -> 0.06687900
  29440   26611 -> 0.07128531
  29440   26603 -> 0.06730821
  29440   26265 -> 0.07027548
  29440   26611 -> 0.06675673
  29440   26611 -> 0.06780671
  29440   26611 -> 0.06744700
  29440   26610 -> 0.06892205
  29440   26604 -> 0.06766463
  29440   26560 -> 0.06685545
  29440   26611 -> 0.06759033
  29440   26611 -> 0.06706984
  29440   26611 -> 0.06684842
  29440   26704 -> 0.06819453
  29440   26611 -> 0.06695122
  29440   26387 -> 0.06792954
  29440   26611 -> 0.06651671
  29440   26611 -> 0.06841509
  29440   26611 -> 0.06641676
  29440   26611 -> 0.06703229
  29440   26611 -> 0.06767301
  29440   26611 -> 0.06622040
  29440   26611 -> 0.06712137
  29440   26611 -> 0.06629636
  29440   26611 -> 0.06659778
  29440   26611 -> 0.06741667
  29440   26611 -> 0.06620722
  29440   26611 -> 0.06721346
  29440   26611 -> 0.06633152
  29440   26611 -> 0.06734122
  29440   26611 -> 0.06617773
  29440   26611 -> 0.06597140
  29440   26611 -> 0.06655047
  29440   26611 -> 0.06666055
  29440   26611 -> 0.06617874
  29440   26611 -> 0.06595533
  29440   26611 -> 0.06639948
  29440   26611 -> 0.06736452
  29440   26611 -> 0.06604489
  29440   26611 -> 0.06649483
  29440   26611 -> 0.06604054
  29440   26611 -> 0.06620920
  29440   26611 -> 0.06598561
  29440   26611 -> 0.06595381
  29440   26611 -> 0.06685845
  29440   26611 -> 0.06622175
  29440   26611 -> 0.06597375
  29440   26611 -> 0.06610557
done with simplex after 77 iterations
0 0.06618:-1.47258 -19.38164 16.69147 -0.50993 -0.01853  0.45149 49.43685 51.72113 49.68599 
1 0.06611:-1.52587 -19.22837 16.71039 -0.24467  0.01209  0.13422 49.32805 51.49816 49.44721 
2 0.06597:-1.45829 -19.50309 16.67369 -0.23481 -0.00305  0.40365 49.42585 51.46115 49.60332 
3 0.06595:-1.42776 -19.51620 16.77498 -0.47554 -0.23108  0.33940 49.23587 51.72376 49.74501 
4 0.06618:-1.46122 -19.32788 16.66351 -0.19823 -0.25848  0.37290 49.59460 51.36876 49.72445 
5 0.06599:-1.48918 -19.32377 16.67757 -0.20158 -0.14733  0.60042 49.29834 51.49054 49.53151 
6 0.06604:-1.61067 -19.47230 16.72720 -0.34037  0.13409  0.41464 49.40354 51.49442 49.70096 
7 0.06596:-1.41577 -19.27260 16.68406 -0.19079  0.15309  0.32607 49.33923 51.31080 49.69755 
8 0.06597:-1.41288 -19.30473 16.63350 -0.72771 -0.14370  0.21052 49.32916 51.44740 49.53098 
9 0.06604:-1.43649 -19.33828 16.79179 -0.33762  0.07571  0.50161 49.49303 51.24859 49.58475 
after parameter optimization
-center         1.41133   10.82788  -11.14063
-translation   -1.42776  -19.51620   16.77498
-rotation      -0.47554   -0.23108    0.33940
-scale          0.98472    1.03448    0.99490
-shear          0.00000    0.00000    0.00000
  29440   26611 -> 0.06595381
Initial objective function val = 0.06766339
Final objective function value = 0.06595381

checking z-scale: making /tmp/mritotal_7438/orig_8tmp2b.xfm
[mritotal] [kahn@ashman.Stanford.EDU:/data4/SRET_MEG/SPM_CanonicalBrain/mri] [2004-08-31 14:24:21] /usr/pubsw/packages/mni/current/bin/check_scale /tmp/mritotal_7438/orig_8tmp2a.xfm /tmp/mritotal_7438/orig_8tmp2b.xfm

8mm gradient lsq9 fit, target masked: making /tmp/mritotal_7438/orig_8tmp2c.xfm
[mritotal] [kahn@ashman.Stanford.EDU:/data4/SRET_MEG/SPM_CanonicalBrain/mri] [2004-08-31 14:24:21] /usr/pubsw/packages/mni/current/bin/minctracc -clobber -debug /tmp/mritotal_7438/orig_8_dxyz.mnc /usr/pubsw/packages/mni/1.0.4/data/mni_autoreg/average_305_8_dxyz.mnc /tmp/mritotal_7438/orig_8tmp2c.xfm -transformation /tmp/mritotal_7438/orig_8tmp2b.xfm -lsq9 -xcorr -model_mask /usr/pubsw/packages/mni/1.0.4/data/mni_autoreg/average_305_8_mask.mnc -center 1.411333 10.827878 -11.140627 -step 4 4 4 -tol 0.004 -simplex 2
Source volume size:  84  by 116  by 116 
Source voxel =    2.000    2.000    2.000
min/max value=    0.069   23.816
min/max voxel=    0.000  244.000

Target volume size:  68  by 110  by 86 
Target voxel =    2.000    2.000    2.000
min/max value=    0.037   11.652
min/max voxel=    0.000  255.000


AFTER init_params()
Transform matrix    =    0.9847   -0.0058   -0.0040   -1.3881 
                         0.0061    1.0344    0.0086  -19.8022 
                         0.0040   -0.0083    0.9949   16.8014 

Transform center   =    1.411   10.828  -11.141
Transform trans    =   -1.428  -19.516   16.775
Transform rotation =   -0.476   -0.231    0.339
Transform scale    =    0.985    1.034    0.995
Transform shear    =    0.000   -0.000    0.000

Target volume is smallest
Lattice step size  =    4.000    4.000    4.000
Lattice start      =  -65.095 -105.510  -57.250
Lattice count      =       35       46       34

===== Debugging information from /usr/pubsw/packages/mni/current/bin/minctracc =====
Data filename       = /tmp/mritotal_7438/orig_8_dxyz.mnc
Model filename      = /usr/pubsw/packages/mni/1.0.4/data/mni_autoreg/average_305_8_dxyz.mnc
Data mask filename  = 
Model mask filename = /usr/pubsw/packages/mni/1.0.4/data/mni_autoreg/average_305_8_mask.mnc
Input xform name    = /tmp/mritotal_7438/orig_8tmp2b.xfm
Output filename     = /tmp/mritotal_7438/orig_8tmp2c.xfm
Step size           = 4.000000 4.000000 4.000000
Objective function  = cross correlation (threshold = 0.000000 0.000000)
Transform linear    = TRUE
Transform inverted? = FALSE
Transform type      = 5
Transform matrix    =    0.9847   -0.0058   -0.0040   -1.3881 
                         0.0061    1.0344    0.0086  -19.8022 
                         0.0040   -0.0083    0.9949   16.8014 
Transform center   =    1.411   10.828  -11.141
Transform trans    =    0.000    0.000    0.000
Transform rotation =    0.000    0.000    0.000
Transform scale    =    1.000    1.000    1.000

Center of rot/scale forced: 1.411333 10.827878 -11.140627
  using input transformation to get initial parameters:
In set_up_lattice, xyzv[axes] = 2, 1, 0, -1
In set_up_lattice, xyzv[axes] = 2, 1, 0, -1
  29440   26611 -> 0.06595384
  29440   26611 -> 0.06595384
  29440   26611 -> 0.08443832
  29440   26404 -> 0.07109397
  29440   26611 -> 0.07431504
  29440   26611 -> 0.06887646
  29440   26611 -> 0.06869209
  29440   26670 -> 0.07005069
  29440   26611 -> 0.08080795
  29440   27298 -> 0.07309821
  29440   26611 -> 0.07240518
  29440   26611 -> 0.08301745
  29440   26611 -> 0.07179336
  29440   26611 -> 0.07970631
  29440   26611 -> 0.07112328
  29440   26611 -> 0.07300499
  29440   25947 -> 0.07052217
  29440   26611 -> 0.07340243
  29440   26611 -> 0.06975018
  29440   26556 -> 0.07169661
  29440   26528 -> 0.07357259
  29440   26611 -> 0.06785765
  29440   26611 -> 0.07208728
  29440   26611 -> 0.06805837
  29440   26547 -> 0.06945676
  29440   26678 -> 0.07152050
  29440   26611 -> 0.06780740
  29440   27106 -> 0.07146592
  29440   26449 -> 0.06779867
  29440   26535 -> 0.07230715
  29440   26611 -> 0.06740630
  29440   26611 -> 0.06805076
  29440   26611 -> 0.07122398
  29440   26611 -> 0.06735934
  29440   26405 -> 0.06806846
  29440   26359 -> 0.07038923
  29440   26611 -> 0.06730873
  29440   26611 -> 0.06894729
  29440   26551 -> 0.06740624
  29440   26611 -> 0.06789722
  29440   26611 -> 0.06916273
  29440   26611 -> 0.06708664
  29440   26611 -> 0.06796156
  29440   26611 -> 0.06684640
  29440   26554 -> 0.06771545
  29440   26611 -> 0.06777024
  29440   26611 -> 0.06764456
  29440   26611 -> 0.06779032
  29440   26611 -> 0.06685030
  29440   26611 -> 0.06776933
  29440   26611 -> 0.06680385
  29440   26483 -> 0.06777314
  29440   26611 -> 0.06700853
  29440   26611 -> 0.06757309
  29440   26611 -> 0.06681599
  29440   26611 -> 0.06651808
  29440   26611 -> 0.06715825
  29440   26611 -> 0.06706541
  29440   26611 -> 0.06722757
  29440   26611 -> 0.06660280
  29440   26611 -> 0.06694134
  29440   26611 -> 0.06723041
  29440   26611 -> 0.06647535
  29440   26611 -> 0.06630415
  29440   26611 -> 0.06681582
  29440   26611 -> 0.06642365
  29440   26611 -> 0.06660698
  29440   26611 -> 0.06623120
  29440   26611 -> 0.06695992
  29440   26611 -> 0.06620163
  29440   26611 -> 0.06674255
  29440   26611 -> 0.06620569
  29440   26611 -> 0.06658011
  29440   26611 -> 0.06650774
  29440   26611 -> 0.06661837
  29440   26611 -> 0.06619961
  29440   26611 -> 0.06649931
  29440   26611 -> 0.06656293
  29440   26611 -> 0.06615004
  29440   26611 -> 0.06650668
  29440   26611 -> 0.06610500
  29440   26611 -> 0.06625233
  29440   26611 -> 0.06598980
  29440   26611 -> 0.06650823
  29440   26611 -> 0.06605359
  29440   26611 -> 0.06631164
  29440   26611 -> 0.06599394
  29440   26611 -> 0.06613303
  29440   26611 -> 0.06593613
  29440   26611 -> 0.06631240
  29440   26611 -> 0.06643528
  29440   26611 -> 0.06601562
  29440   26611 -> 0.06582513
  29440   26611 -> 0.06600560
  29440   26611 -> 0.06595701
  29440   26611 -> 0.06599637
  29440   26611 -> 0.06592205
  29440   26611 -> 0.06590186
  29440   26611 -> 0.06599405
done with simplex after 88 iterations
0 0.06595:-1.42776 -19.51620 16.77498 -0.47554 -0.23108  0.33940 49.23587 51.72381 49.74501 
1 0.06594:-1.48542 -19.27146 16.72319 -0.36118 -0.02145  0.48669 49.31849 51.32871 49.92146 
2 0.06599:-1.41485 -19.74924 16.82587 -0.19986 -0.09421  0.32591 49.29764 51.34554 49.85606 
3 0.06599:-1.41897 -19.62194 16.72947 -0.44500 -0.15531  0.15270 49.15311 51.51207 49.83197 
4 0.06592:-1.42718 -19.61513 16.73836 -0.18890  0.09201  0.34230 49.25654 51.42865 49.79151 
5 0.06599:-1.38756 -19.46485 16.84500 -0.08955 -0.20548  0.26300 49.24528 51.49261 49.91980 
6 0.06600:-1.29789 -19.52995 16.85003 -0.31371 -0.11817  0.18812 49.23693 51.33431 49.76434 
7 0.06596:-1.50923 -19.46857 16.81557 -0.48946  0.02215  0.51534 49.17208 51.47894 49.84542 
8 0.06590:-1.46463 -19.48263 16.82810 -0.41209 -0.04005  0.22217 49.21711 51.50400 49.69778 
9 0.06583:-1.44531 -19.46995 16.74831 -0.25330 -0.23241  0.45930 49.18478 51.46177 49.79428 
after parameter optimization
-center         1.41133   10.82788  -11.14063
-translation   -1.44531  -19.46995   16.74831
-rotation      -0.25330   -0.23241    0.45930
-scale          0.98370    1.02924    0.99589
-shear          0.00000    0.00000    0.00000
  29440   26611 -> 0.06582513
Initial objective function val = 0.06595384
Final objective function value = 0.06582513

final linear fit: 8mm gradient lsq9 fit, target masked: making transforms/talairach.xfm
[mritotal] [kahn@ashman.Stanford.EDU:/data4/SRET_MEG/SPM_CanonicalBrain/mri] [2004-08-31 14:24:41] /usr/pubsw/packages/mni/current/bin/minctracc -clobber -debug /tmp/mritotal_7438/orig_8_dxyz.mnc /usr/pubsw/packages/mni/1.0.4/data/mni_autoreg/average_305_8_dxyz.mnc transforms/talairach.xfm -transformation /tmp/mritotal_7438/orig_8tmp2c.xfm -lsq9 -xcorr -model_mask /usr/pubsw/packages/mni/1.0.4/data/mni_autoreg/average_305_8_mask.mnc -center 1.411333 10.827878 -11.140627 -step 4 4 4 -tol 0.004 -simplex 2
Source volume size:  84  by 116  by 116 
Source voxel =    2.000    2.000    2.000
min/max value=    0.069   23.816
min/max voxel=    0.000  244.000

Target volume size:  68  by 110  by 86 
Target voxel =    2.000    2.000    2.000
min/max value=    0.037   11.652
min/max voxel=    0.000  255.000


AFTER init_params()
Transform matrix    =    0.9837   -0.0079   -0.0040   -1.3819 
                         0.0083    1.0292    0.0045  -19.7474 
                         0.0040   -0.0044    0.9959   16.7442 

Transform center   =    1.411   10.828  -11.141
Transform trans    =   -1.445  -19.470   16.748
Transform rotation =   -0.253   -0.232    0.459
Transform scale    =    0.984    1.029    0.996
Transform shear    =    0.000   -0.000    0.000

Target volume is smallest
Lattice step size  =    4.000    4.000    4.000
Lattice start      =  -65.095 -105.510  -57.250
Lattice count      =       35       46       34

===== Debugging information from /usr/pubsw/packages/mni/current/bin/minctracc =====
Data filename       = /tmp/mritotal_7438/orig_8_dxyz.mnc
Model filename      = /usr/pubsw/packages/mni/1.0.4/data/mni_autoreg/average_305_8_dxyz.mnc
Data mask filename  = 
Model mask filename = /usr/pubsw/packages/mni/1.0.4/data/mni_autoreg/average_305_8_mask.mnc
Input xform name    = /tmp/mritotal_7438/orig_8tmp2c.xfm
Output filename     = transforms/talairach.xfm
Step size           = 4.000000 4.000000 4.000000
Objective function  = cross correlation (threshold = 0.000000 0.000000)
Transform linear    = TRUE
Transform inverted? = FALSE
Transform type      = 5
Transform matrix    =    0.9837   -0.0079   -0.0040   -1.3819 
                         0.0083    1.0292    0.0045  -19.7474 
                         0.0040   -0.0044    0.9959   16.7442 
Transform center   =    1.411   10.828  -11.141
Transform trans    =    0.000    0.000    0.000
Transform rotation =    0.000    0.000    0.000
Transform scale    =    1.000    1.000    1.000

Center of rot/scale forced: 1.411333 10.827878 -11.140627
  using input transformation to get initial parameters:
In set_up_lattice, xyzv[axes] = 2, 1, 0, -1
In set_up_lattice, xyzv[axes] = 2, 1, 0, -1
  29440   26611 -> 0.06582513
  29440   26611 -> 0.06582513
  29440   26611 -> 0.08435348
  29440   26093 -> 0.07115689
  29440   26611 -> 0.07363661
  29440   26580 -> 0.06931632
  29440   26611 -> 0.06856022
  29440   26567 -> 0.07020728
  29440   26611 -> 0.07936073
  29440   27236 -> 0.07153152
  29440   26611 -> 0.07220765
  29440   26611 -> 0.08298663
  29440   26611 -> 0.07136111
  29440   26611 -> 0.08044587
  29440   26611 -> 0.06992880
  29440   26611 -> 0.07356334
  29440   26611 -> 0.07025155
  29440   26611 -> 0.07164573
  29440   26611 -> 0.06832597
  29440   25885 -> 0.07026912
  29440   26516 -> 0.07157658
  29440   26611 -> 0.06783427
  29440   26725 -> 0.07142657
  29440   26603 -> 0.06813104
  29440   27278 -> 0.07135180
  29440   26348 -> 0.06786145
  29440   26611 -> 0.06888023
  29440   26552 -> 0.07221726
  29440   26611 -> 0.06756391
  29440   26536 -> 0.07084645
  29440   26611 -> 0.06737272
  29440   26452 -> 0.06844214
  29440   26611 -> 0.06923055
  29440   26611 -> 0.06763800
  29440   26477 -> 0.07099739
  29440   26611 -> 0.06734060
  29440   26577 -> 0.06940833
  29440   26575 -> 0.06761929
  29440   26529 -> 0.06869905
  29440   26611 -> 0.06728063
  29440   26611 -> 0.06759707
  29440   26627 -> 0.06785583
  29440   26611 -> 0.06704186
  29440   26611 -> 0.06766082
  29440   26611 -> 0.06704715
  29440   26611 -> 0.06686825
  29440   26611 -> 0.06695895
  29440   26611 -> 0.06714863
  29440   26611 -> 0.06701171
  29440   26611 -> 0.06651784
  29440   26611 -> 0.06688923
  29440   26611 -> 0.06642156
  29440   26611 -> 0.06723608
  29440   26611 -> 0.06644189
  29440   26611 -> 0.06654465
  29440   26611 -> 0.06695340
  29440   26611 -> 0.06779628
  29440   26611 -> 0.06623066
  29440   26611 -> 0.06647304
  29440   26611 -> 0.06689414
  29440   26611 -> 0.06629775
  29440   26611 -> 0.06677682
  29440   26611 -> 0.06670025
  29440   26611 -> 0.06681164
  29440   26611 -> 0.06620562
  29440   26611 -> 0.06680765
  29440   26611 -> 0.06614283
  29440   26611 -> 0.06651995
  29440   26611 -> 0.06614283
  29440   26611 -> 0.06653850
  29440   26611 -> 0.06611621
  29440   26611 -> 0.06662860
  29440   26611 -> 0.06617244
  29440   26611 -> 0.06640683
  29440   26611 -> 0.06639355
  29440   26611 -> 0.06654604
  29440   26611 -> 0.06607670
  29440   26611 -> 0.06638595
  29440   26611 -> 0.06608713
  29440   26611 -> 0.06618285
  29440   26611 -> 0.06624882
  29440   26611 -> 0.06602868
  29440   26611 -> 0.06600467
  29440   26611 -> 0.06627724
  29440   26611 -> 0.06599094
  29440   26611 -> 0.06602004
  29440   26611 -> 0.06609501
  29440   26611 -> 0.06594979
  29440   26611 -> 0.06590565
  29440   26611 -> 0.06616125
  29440   26611 -> 0.06593779
  29440   26611 -> 0.06589130
  29440   26611 -> 0.06594907
done with simplex after 82 iterations
0 0.06583:-1.44531 -19.46995 16.74831 -0.25330 -0.23241  0.45930 49.18479 51.46177 49.79428 
1 0.06595:-1.41877 -19.70677 16.67483 -0.17550 -0.11446  0.28984 49.14925 51.69252 49.76726 
2 0.06595:-1.34969 -19.56067 16.74807 -0.01467 -0.24085  0.35828 49.22225 51.46549 49.71142 
3 0.06594:-1.39154 -19.56730 16.71401 -0.37649  0.06066  0.47378 49.21266 51.56400 49.70663 
4 0.06602:-1.36328 -19.63445 16.82065 -0.16809  0.09544  0.39912 49.13285 51.55508 49.68453 
5 0.06600:-1.32818 -19.47879 16.73563 -0.38864 -0.20301  0.34960 49.14565 51.65966 49.60717 
6 0.06603:-1.40858 -19.45635 16.67094 -0.32723  0.14538  0.31476 49.24521 51.74130 49.69725 
7 0.06591:-1.36346 -19.65973 16.76297 -0.29931 -0.22663  0.20615 49.25763 51.50031 49.83721 
8 0.06599:-1.33888 -19.47054 16.64259 -0.40786  0.08284  0.24275 49.10041 51.65063 49.74825 
9 0.06589:-1.43632 -19.50518 16.74546 -0.22079 -0.09882  0.24882 49.15168 51.46937 49.65508 
after parameter optimization
-center         1.41133   10.82788  -11.14063
-translation   -1.44531  -19.46995   16.74831
-rotation      -0.25330   -0.23241    0.45930
-scale          0.98370    1.02924    0.99589
-shear          0.00000    0.00000    0.00000
  29440   26611 -> 0.06582513
Initial objective function val = 0.06582513
Final objective function value = 0.06582513
